
> frontend@0.1.0 build
> next build

   Γû▓ Next.js 15.2.0
   - Environments: .env

   Creating an optimized production build ...
 Γ£ô Compiled successfully
   Linting and checking validity of types ...
node.exe : 
At line:1 char:1
+ & "C:\Program 
Files\nodejs/node.exe" 
"C:\Program 
Files\nodejs/node_mo ...
+ ~~~~~~~~~~~~~~~~~~~~~~~~~~~~
~~~~~~~~~~~~~~~~~~~~~~~~~~~~~~
~~~~~~~~~~~
    + CategoryInfo          : 
    NotSpecified: (:String)   
  [], RemoteException
    + FullyQualifiedErrorId : 
    NativeCommandError
 
Failed to compile.

./src/app/layout.jsx
14:9  Warning: Custom fonts 
not added in 
`pages/_document.js` will 
only load for a single page. 
This is discouraged. See: http
s://nextjs.org/docs/messages/n
o-page-custom-font  
@next/next/no-page-custom-font

./src/app/onboarding/page.tsx
204:15  Warning: Using 
`<img>` could result in 
slower LCP and higher 
bandwidth. Consider using 
`<Image />` from `next/image` 
or a custom image loader to 
automatically optimize 
images. This may incur 
additional usage or cost from 
your provider. See: https://ne
xtjs.org/docs/messages/no-img-
element  
@next/next/no-img-element
218:15  Warning: Using 
`<img>` could result in 
slower LCP and higher 
bandwidth. Consider using 
`<Image />` from `next/image` 
or a custom image loader to 
automatically optimize 
images. This may incur 
additional usage or cost from 
your provider. See: https://ne
xtjs.org/docs/messages/no-img-
element  
@next/next/no-img-element
278:18  Error: `'` can be 
escaped with `&apos;`, 
`&lsquo;`, `&#39;`, 
`&rsquo;`.  
react/no-unescaped-entities

./src/components/LanguageTestS
tep.jsx
316:21  Warning: Using 
`<img>` could result in 
slower LCP and higher 
bandwidth. Consider using 
`<Image />` from `next/image` 
or a custom image loader to 
automatically optimize 
images. This may incur 
additional usage or cost from 
your provider. See: https://ne
xtjs.org/docs/messages/no-img-
element  
@next/next/no-img-element
502:33  Warning: Using 
`<img>` could result in 
slower LCP and higher 
bandwidth. Consider using 
`<Image />` from `next/image` 
or a custom image loader to 
automatically optimize 
images. This may incur 
additional usage or cost from 
your provider. See: https://ne
xtjs.org/docs/messages/no-img-
element  
@next/next/no-img-element

./src/pages/AuthPage.jsx
58:17  Warning: Using `<img>` 
could result in slower LCP 
and higher bandwidth. 
Consider using `<Image />` 
from `next/image` or a custom 
image loader to automatically 
optimize images. This may 
incur additional usage or 
cost from your provider. See: 
https://nextjs.org/docs/messag
es/no-img-element  
@next/next/no-img-element
139:17  Warning: Using 
`<img>` could result in 
slower LCP and higher 
bandwidth. Consider using 
`<Image />` from `next/image` 
or a custom image loader to 
automatically optimize 
images. This may incur 
additional usage or cost from 
your provider. See: https://ne
xtjs.org/docs/messages/no-img-
element  
@next/next/no-img-element
188:13  Warning: Using 
`<img>` could result in 
slower LCP and higher 
bandwidth. Consider using 
`<Image />` from `next/image` 
or a custom image loader to 
automatically optimize 
images. This may incur 
additional usage or cost from 
your provider. See: https://ne
xtjs.org/docs/messages/no-img-
element  
@next/next/no-img-element
232:17  Warning: Using 
`<img>` could result in 
slower LCP and higher 
bandwidth. Consider using 
`<Image />` from `next/image` 
or a custom image loader to 
automatically optimize 
images. This may incur 
additional usage or cost from 
your provider. See: https://ne
xtjs.org/docs/messages/no-img-
element  
@next/next/no-img-element
332:17  Warning: Using 
`<img>` could result in 
slower LCP and higher 
bandwidth. Consider using 
`<Image />` from `next/image` 
or a custom image loader to 
automatically optimize 
images. This may incur 
additional usage or cost from 
your provider. See: https://ne
xtjs.org/docs/messages/no-img-
element  
@next/next/no-img-element
365:17  Warning: Using 
`<img>` could result in 
slower LCP and higher 
bandwidth. Consider using 
`<Image />` from `next/image` 
or a custom image loader to 
automatically optimize 
images. This may incur 
additional usage or cost from 
your provider. See: https://ne
xtjs.org/docs/messages/no-img-
element  
@next/next/no-img-element
402:21  Warning: Using 
`<img>` could result in 
slower LCP and higher 
bandwidth. Consider using 
`<Image />` from `next/image` 
or a custom image loader to 
automatically optimize 
images. This may incur 
additional usage or cost from 
your provider. See: https://ne
xtjs.org/docs/messages/no-img-
element  
@next/next/no-img-element
442:21  Warning: Using 
`<img>` could result in 
slower LCP and higher 
bandwidth. Consider using 
`<Image />` from `next/image` 
or a custom image loader to 
automatically optimize 
images. This may incur 
additional usage or cost from 
your provider. See: https://ne
xtjs.org/docs/messages/no-img-
element  
@next/next/no-img-element
475:9  Warning: Using `<img>` 
could result in slower LCP 
and higher bandwidth. 
Consider using `<Image />` 
from `next/image` or a custom 
image loader to automatically 
optimize images. This may 
incur additional usage or 
cost from your provider. See: 
https://nextjs.org/docs/messag
es/no-img-element  
@next/next/no-img-element

info  - Need to disable some 
ESLint rules? Learn more 
here: https://nextjs.org/docs/
app/api-reference/config/eslin
t#disabling-rules
